Loading CLIP (backbone: ViT-B/16)
Initializing class-specific contexts
Number of positive context words (tokens): 16
Number of negative context words (tokens): 16
Freeze the backbone weights
Freeze the attn weights

Test:
Task_id:  0
mAP 99.93066710623296
mean_mAP 99.93066710623296
CP 99.64633285999298
CR 98.36647808551788
CF1 98.99470208804378
OP 99.66063690185547
OR 98.21627807617188
OF1 98.93318176269531

Test finished.

Test:
Task_id:  1
mAP 98.52583522716701
mean_mAP 99.22825116669998
CP 97.34984338283539
CR 90.70665736993153
CF1 93.84124724526605
OP 97.2361831665039
OR 90.49103546142578
OF1 93.742431640625

Test finished.

Test:
Task_id:  2
mAP 94.32934304916296
mean_mAP 97.59528179418764
CP 86.73249930143356
CR 89.22210484743118
CF1 86.96860587833643
OP 80.13672637939453
OR 90.71367645263672
OF1 85.0978012084961

Test finished.

Test:
Task_id:  3
mAP 91.02339360706158
mean_mAP 95.95230974740612
CP 84.06127274036407
CR 87.34072387218475
CF1 83.93258307093728
OP 74.1916732788086
OR 88.77657318115234
OF1 80.83148193359375

Test finished.


Test:
Task_id:  4
mAP 89.27985863659114
mean_mAP 94.61781952524312
CP 82.35166569550832
CR 82.60493079821269
CF1 79.7048816638404
OP 69.8752670288086
OR 85.36515045166016
OF1 76.84741973876953

Test finished.

Test:
Task_id:  5
mAP 88.93421486996922
mean_mAP 93.67055208269748
CP 82.03159272670746
CR 82.47986393315452
CF1 80.35185291606956
OP 71.59624481201172
OR 84.42375946044922
OF1 77.48268127441406

Test finished.

Test:
Task_id:  6
mAP 86.97363286491586
mean_mAP 92.7138493373001
CP 82.2621263563633
CR 77.61848084628582
CF1 76.3759779528739
OP 73.59558868408203
OR 81.7346420288086
OF1 77.4518814086914

Test finished.


Test:
Task_id:  7
mAP 84.13132745636847
mean_mAP 91.64103410218365
CP 77.27533595429526
CR 76.71215070618524
CF1 72.9515921353131
OP 70.54521179199219
OR 81.30268096923828
OF1 75.54289245605469

Test finished.


Test:
Task_id:  8
mAP 83.58023786565025
mean_mAP 90.74539007590216
CP 76.94393411278725
CR 76.42320416867733
CF1 72.46848179890586
OP 69.3453140258789
OR 80.35077667236328
OF1 74.44348907470703

Test finished.

